// Vitest Snapshot v1, https://vitest.dev/guide/snapshot.html

exports[`\`@import 'tailwindcss'\` is replaced with the generated CSS 1`] = `
"@layer properties {
  @supports (((-webkit-hyphens: none)) and (not (margin-trim: inline))) or ((-moz-orient: inline) and (not (color: rgb(from red r g b)))) {
    *, :before, :after, ::backdrop {
      --tw-font-weight: initial;
    }
  }
}

@layer theme {
  :root, :host {
    --font-sans: ui-sans-serif, system-ui, sans-serif, "Apple Color Emoji", "Segoe UI Emoji", "Segoe UI Symbol", "Noto Color Emoji";
    --font-mono: ui-monospace, SFMono-Regular, Menlo, Monaco, Consolas, "Liberation Mono", "Courier New", monospace;
    --color-black: #000;
    --text-2xl: 1.5rem;
    --text-2xl--line-height: calc(2 / 1.5);
    --font-weight-bold: 700;
    --default-font-family: var(--font-sans);
    --default-mono-font-family: var(--font-mono);
  }
}

@layer base {
  *, :after, :before, ::backdrop {
    box-sizing: border-box;
    border: 0 solid;
    margin: 0;
    padding: 0;
  }

  ::file-selector-button {
    box-sizing: border-box;
    border: 0 solid;
    margin: 0;
    padding: 0;
  }

  html, :host {
    -webkit-text-size-adjust: 100%;
    tab-size: 4;
    line-height: 1.5;
    font-family: var(--default-font-family, ui-sans-serif, system-ui, sans-serif, "Apple Color Emoji", "Segoe UI Emoji", "Segoe UI Symbol", "Noto Color Emoji");
    font-feature-settings: var(--default-font-feature-settings, normal);
    font-variation-settings: var(--default-font-variation-settings, normal);
    -webkit-tap-highlight-color: transparent;
  }

  hr {
    height: 0;
    color: inherit;
    border-top-width: 1px;
  }

  abbr:where([title]) {
    -webkit-text-decoration: underline dotted;
    text-decoration: underline dotted;
  }

  h1, h2, h3, h4, h5, h6 {
    font-size: inherit;
    font-weight: inherit;
  }

  a {
    color: inherit;
    -webkit-text-decoration: inherit;
    -webkit-text-decoration: inherit;
    -webkit-text-decoration: inherit;
    text-decoration: inherit;
  }

  b, strong {
    font-weight: bolder;
  }

  code, kbd, samp, pre {
    font-family: var(--default-mono-font-family, ui-monospace, SFMono-Regular, Menlo, Monaco, Consolas, "Liberation Mono", "Courier New", monospace);
    font-feature-settings: var(--default-mono-font-feature-settings, normal);
    font-variation-settings: var(--default-mono-font-variation-settings, normal);
    font-size: 1em;
  }

  small {
    font-size: 80%;
  }

  sub, sup {
    vertical-align: baseline;
    font-size: 75%;
    line-height: 0;
    position: relative;
  }

  sub {
    bottom: -.25em;
  }

  sup {
    top: -.5em;
  }

  table {
    text-indent: 0;
    border-color: inherit;
    border-collapse: collapse;
  }

  :-moz-focusring {
    outline: auto;
  }

  progress {
    vertical-align: baseline;
  }

  summary {
    display: list-item;
  }

  ol, ul, menu {
    list-style: none;
  }

  img, svg, video, canvas, audio, iframe, embed, object {
    vertical-align: middle;
    display: block;
  }

  img, video {
    max-width: 100%;
    height: auto;
  }

  button, input, select, optgroup, textarea {
    font: inherit;
    font-feature-settings: inherit;
    font-variation-settings: inherit;
    letter-spacing: inherit;
    color: inherit;
    opacity: 1;
    background-color: #0000;
    border-radius: 0;
  }

  ::file-selector-button {
    font: inherit;
    font-feature-settings: inherit;
    font-variation-settings: inherit;
    letter-spacing: inherit;
    color: inherit;
    opacity: 1;
    background-color: #0000;
    border-radius: 0;
  }

  :where(select:is([multiple], [size])) optgroup {
    font-weight: bolder;
  }

  :where(select:is([multiple], [size])) optgroup option {
    padding-inline-start: 20px;
  }

  ::file-selector-button {
    margin-inline-end: 4px;
  }

  ::placeholder {
    opacity: 1;
  }

  @supports (not ((-webkit-appearance: -apple-pay-button))) or (contain-intrinsic-size: 1px) {
    ::placeholder {
      color: currentColor;
    }

    @supports (color: color-mix(in lab, red, red)) {
      ::placeholder {
        color: color-mix(in oklab, currentcolor 50%, transparent);
      }
    }
  }

  textarea {
    resize: vertical;
  }

  ::-webkit-search-decoration {
    -webkit-appearance: none;
  }

  ::-webkit-date-and-time-value {
    min-height: 1lh;
    text-align: inherit;
  }

  ::-webkit-datetime-edit {
    display: inline-flex;
  }

  ::-webkit-datetime-edit-fields-wrapper {
    padding: 0;
  }

  ::-webkit-datetime-edit {
    padding-block: 0;
  }

  ::-webkit-datetime-edit-year-field {
    padding-block: 0;
  }

  ::-webkit-datetime-edit-month-field {
    padding-block: 0;
  }

  ::-webkit-datetime-edit-day-field {
    padding-block: 0;
  }

  ::-webkit-datetime-edit-hour-field {
    padding-block: 0;
  }

  ::-webkit-datetime-edit-minute-field {
    padding-block: 0;
  }

  ::-webkit-datetime-edit-second-field {
    padding-block: 0;
  }

  ::-webkit-datetime-edit-millisecond-field {
    padding-block: 0;
  }

  ::-webkit-datetime-edit-meridiem-field {
    padding-block: 0;
  }

  ::-webkit-calendar-picker-indicator {
    line-height: 1;
  }

  :-moz-ui-invalid {
    box-shadow: none;
  }

  button, input:where([type="button"], [type="reset"], [type="submit"]) {
    appearance: button;
  }

  ::file-selector-button {
    appearance: button;
  }

  ::-webkit-inner-spin-button {
    height: auto;
  }

  ::-webkit-outer-spin-button {
    height: auto;
  }

  [hidden]:where(:not([hidden="until-found"])) {
    display: none !important;
  }
}

@layer components;

@layer utilities {
  .text-2xl {
    font-size: var(--text-2xl);
    line-height: var(--tw-leading, var(--text-2xl--line-height));
  }

  .text-black\\/50 {
    color: #00000080;
  }

  @supports (color: color-mix(in lab, red, red)) {
    .text-black\\/50 {
      color: color-mix(in oklab, var(--color-black) 50%, transparent);
    }
  }

  .underline {
    text-decoration-line: underline;
  }

  @media (min-width: 96rem) {
    .\\32 xl\\:font-bold {
      --tw-font-weight: var(--font-weight-bold);
      font-weight: var(--font-weight-bold);
    }
  }
}

@property --tw-font-weight {
  syntax: "*";
  inherits: false
}"
`;
