// Vitest Snapshot v1, https://vitest.dev/guide/snapshot.html

exports[`compiling CSS > \`@tailwind utilities\` is replaced by utilities using the default theme 1`] = `
"@layer properties {
  @supports (((-webkit-hyphens: none)) and (not (margin-trim: inline))) or ((-moz-orient: inline) and (not (color: rgb(from red r g b)))) {
    *, :before, :after, ::backdrop {
      --tw-shadow: 0 0 #0000;
      --tw-shadow-color: initial;
      --tw-shadow-alpha: 100%;
      --tw-inset-shadow: 0 0 #0000;
      --tw-inset-shadow-color: initial;
      --tw-inset-shadow-alpha: 100%;
      --tw-ring-color: initial;
      --tw-ring-shadow: 0 0 #0000;
      --tw-inset-ring-color: initial;
      --tw-inset-ring-shadow: 0 0 #0000;
      --tw-ring-inset: initial;
      --tw-ring-offset-width: 0px;
      --tw-ring-offset-color: #fff;
      --tw-ring-offset-shadow: 0 0 #0000;
    }
  }
}

:root, :host {
  --color-red-500: oklch(63.7% .237 25.331);
  --spacing: .25rem;
}

.w-4 {
  width: calc(var(--spacing) * 4);
}

.bg-red-500 {
  background-color: var(--color-red-500);
}

.shadow-sm {
  --tw-shadow: 0 1px 3px 0 var(--tw-shadow-color, #0000001a), 0 1px 2px -1px var(--tw-shadow-color, #0000001a);
  box-shadow: var(--tw-inset-shadow), var(--tw-inset-ring-shadow), var(--tw-ring-offset-shadow), var(--tw-ring-shadow), var(--tw-shadow);
}

@media (min-width: 40rem) {
  .sm\\:flex {
    display: flex;
  }
}

@property --tw-shadow {
  syntax: "*";
  inherits: false;
  initial-value: 0 0 #0000;
}

@property --tw-shadow-color {
  syntax: "*";
  inherits: false
}

@property --tw-shadow-alpha {
  syntax: "<percentage>";
  inherits: false;
  initial-value: 100%;
}

@property --tw-inset-shadow {
  syntax: "*";
  inherits: false;
  initial-value: 0 0 #0000;
}

@property --tw-inset-shadow-color {
  syntax: "*";
  inherits: false
}

@property --tw-inset-shadow-alpha {
  syntax: "<percentage>";
  inherits: false;
  initial-value: 100%;
}

@property --tw-ring-color {
  syntax: "*";
  inherits: false
}

@property --tw-ring-shadow {
  syntax: "*";
  inherits: false;
  initial-value: 0 0 #0000;
}

@property --tw-inset-ring-color {
  syntax: "*";
  inherits: false
}

@property --tw-inset-ring-shadow {
  syntax: "*";
  inherits: false;
  initial-value: 0 0 #0000;
}

@property --tw-ring-inset {
  syntax: "*";
  inherits: false
}

@property --tw-ring-offset-width {
  syntax: "<length>";
  inherits: false;
  initial-value: 0;
}

@property --tw-ring-offset-color {
  syntax: "*";
  inherits: false;
  initial-value: #fff;
}

@property --tw-ring-offset-shadow {
  syntax: "*";
  inherits: false;
  initial-value: 0 0 #0000;
}"
`;

exports[`compiling CSS > prefix all CSS variables inside preflight 1`] = `
"@layer theme {
  :root, :host {
    --tw-font-sans: ui-sans-serif, system-ui, sans-serif, "Apple Color Emoji", "Segoe UI Emoji", "Segoe UI Symbol", "Noto Color Emoji";
    --tw-font-mono: ui-monospace, SFMono-Regular, Menlo, Monaco, Consolas, "Liberation Mono", "Courier New", monospace;
    --tw-default-font-family: var(--tw-font-sans);
    --tw-default-mono-font-family: var(--tw-font-mono);
  }
}

@layer base {
  *, :after, :before, ::backdrop {
    box-sizing: border-box;
    border: 0 solid;
    margin: 0;
    padding: 0;
  }

  ::file-selector-button {
    box-sizing: border-box;
    border: 0 solid;
    margin: 0;
    padding: 0;
  }

  html, :host {
    -webkit-text-size-adjust: 100%;
    tab-size: 4;
    line-height: 1.5;
    font-family: var(--tw-default-font-family, ui-sans-serif, system-ui, sans-serif, "Apple Color Emoji", "Segoe UI Emoji", "Segoe UI Symbol", "Noto Color Emoji");
    font-feature-settings: var(--tw-default-font-feature-settings, normal);
    font-variation-settings: var(--tw-default-font-variation-settings, normal);
    -webkit-tap-highlight-color: transparent;
  }

  hr {
    height: 0;
    color: inherit;
    border-top-width: 1px;
  }

  abbr:where([title]) {
    -webkit-text-decoration: underline dotted;
    text-decoration: underline dotted;
  }

  h1, h2, h3, h4, h5, h6 {
    font-size: inherit;
    font-weight: inherit;
  }

  a {
    color: inherit;
    -webkit-text-decoration: inherit;
    -webkit-text-decoration: inherit;
    -webkit-text-decoration: inherit;
    text-decoration: inherit;
  }

  b, strong {
    font-weight: bolder;
  }

  code, kbd, samp, pre {
    font-family: var(--tw-default-mono-font-family, ui-monospace, SFMono-Regular, Menlo, Monaco, Consolas, "Liberation Mono", "Courier New", monospace);
    font-feature-settings: var(--tw-default-mono-font-feature-settings, normal);
    font-variation-settings: var(--tw-default-mono-font-variation-settings, normal);
    font-size: 1em;
  }

  small {
    font-size: 80%;
  }

  sub, sup {
    vertical-align: baseline;
    font-size: 75%;
    line-height: 0;
    position: relative;
  }

  sub {
    bottom: -.25em;
  }

  sup {
    top: -.5em;
  }

  table {
    text-indent: 0;
    border-color: inherit;
    border-collapse: collapse;
  }

  :-moz-focusring {
    outline: auto;
  }

  progress {
    vertical-align: baseline;
  }

  summary {
    display: list-item;
  }

  ol, ul, menu {
    list-style: none;
  }

  img, svg, video, canvas, audio, iframe, embed, object {
    vertical-align: middle;
    display: block;
  }

  img, video {
    max-width: 100%;
    height: auto;
  }

  button, input, select, optgroup, textarea {
    font: inherit;
    font-feature-settings: inherit;
    font-variation-settings: inherit;
    letter-spacing: inherit;
    color: inherit;
    opacity: 1;
    background-color: #0000;
    border-radius: 0;
  }

  ::file-selector-button {
    font: inherit;
    font-feature-settings: inherit;
    font-variation-settings: inherit;
    letter-spacing: inherit;
    color: inherit;
    opacity: 1;
    background-color: #0000;
    border-radius: 0;
  }

  :where(select:is([multiple], [size])) optgroup {
    font-weight: bolder;
  }

  :where(select:is([multiple], [size])) optgroup option {
    padding-inline-start: 20px;
  }

  ::file-selector-button {
    margin-inline-end: 4px;
  }

  ::placeholder {
    opacity: 1;
  }

  @supports (not ((-webkit-appearance: -apple-pay-button))) or (contain-intrinsic-size: 1px) {
    ::placeholder {
      color: currentColor;
    }

    @supports (color: color-mix(in lab, red, red)) {
      ::placeholder {
        color: color-mix(in oklab, currentcolor 50%, transparent);
      }
    }
  }

  textarea {
    resize: vertical;
  }

  ::-webkit-search-decoration {
    -webkit-appearance: none;
  }

  ::-webkit-date-and-time-value {
    min-height: 1lh;
    text-align: inherit;
  }

  ::-webkit-datetime-edit {
    display: inline-flex;
  }

  ::-webkit-datetime-edit-fields-wrapper {
    padding: 0;
  }

  ::-webkit-datetime-edit {
    padding-block: 0;
  }

  ::-webkit-datetime-edit-year-field {
    padding-block: 0;
  }

  ::-webkit-datetime-edit-month-field {
    padding-block: 0;
  }

  ::-webkit-datetime-edit-day-field {
    padding-block: 0;
  }

  ::-webkit-datetime-edit-hour-field {
    padding-block: 0;
  }

  ::-webkit-datetime-edit-minute-field {
    padding-block: 0;
  }

  ::-webkit-datetime-edit-second-field {
    padding-block: 0;
  }

  ::-webkit-datetime-edit-millisecond-field {
    padding-block: 0;
  }

  ::-webkit-datetime-edit-meridiem-field {
    padding-block: 0;
  }

  ::-webkit-calendar-picker-indicator {
    line-height: 1;
  }

  :-moz-ui-invalid {
    box-shadow: none;
  }

  button, input:where([type="button"], [type="reset"], [type="submit"]) {
    appearance: button;
  }

  ::file-selector-button {
    appearance: button;
  }

  ::-webkit-inner-spin-button {
    height: auto;
  }

  ::-webkit-outer-spin-button {
    height: auto;
  }

  [hidden]:where(:not([hidden="until-found"])) {
    display: none !important;
  }
}

@layer components, utilities;"
`;
